-65
-64.9973
-64.9951
-64.9932
-64.9916
-64.9902
-64.9889
-64.9877
-64.9867
-64.9858
-64.985
-64.9842
-64.9836
-64.9829
-64.9824
-64.9819
-64.9815
-64.9811
-64.9807
-64.9804
-64.9802
-64.9799
-64.9797
-64.9796
-64.9794
-64.9793
-64.9792
-64.9791
-64.979
-64.979
-64.979
-64.979
-64.979
-64.979
-64.979
-64.9791
-64.9791
-64.7371
-63.6264
-62.1068
-60.4682
-58.847
-57.2905
-55.7913
-54.3056
-52.7594
-51.044
-48.9961
-46.3491
-42.6233
-36.8741
-27.1665
-10.1852
13.977
31.4561
36.143
35.2487
32.4239
28.6338
24.2472
19.4933
14.5405
9.51339
4.50006
-0.440951
-5.27461
-9.98373
-14.5648
-19.0258
-23.3868
-27.6838
-31.9759
-36.353
-40.9401
-45.8855
-51.303
-57.1176
-62.8313
-67.5469
-70.6416
-72.2969
-73.0829
-73.4434
-73.6102
-73.6866
-73.7171
-73.7212
-73.7082
-73.6828
-73.6479
-73.6053
-73.5561
-73.5012
-73.4414
-73.3771
-73.3089
-73.237
-73.1618
-73.0836
-73.0025
